Statement for BigCo
  Henry V: $400.00 (20 seats)
  As You Like It: $330.00 (10 seats)
Amount owed is $730.00
You earned 2 credits
